[2026-07-09T06:15:43.380Z] SUCCESS: Name="BALASIVA_K_P", Email="saranz1593@gmail.com", MessageId="<282aab74-5160-d158-af46-ab1a0ada1f14@gmail.com>"
[2026-07-09T06:16:13.364Z] SUCCESS: Name="S_Bharath", Email="saranz1593@gmail.com", MessageId="<0ca8127a-48d7-c68f-d9f2-b9c43e9a955e@gmail.com>"
[2026-07-09T06:16:44.345Z] SUCCESS: Name="Saganah_V_S", Email="saranz1593@gmail.com", MessageId="<2cfd039f-cdbf-2223-63f6-cd6a9cd0bc24@gmail.com>"
[2026-07-09T06:17:13.915Z] SUCCESS: Name="Aldhaf_F", Email="saranz1593@gmail.com", MessageId="<713a47f8-8720-db06-d86c-549503018fc1@gmail.com>"
[2026-07-09T06:17:43.241Z] SUCCESS: Name="Asmitha_C_A", Email="saranz1593@gmail.com", MessageId="<dba04d66-14dd-a7cc-98f6-ae0efc8ef5ad@gmail.com>"
[2026-07-09T06:18:13.287Z] SUCCESS: Name="M_Bency_Josema", Email="saranz1593@gmail.com", MessageId="<39323e8e-fbb1-e368-c99b-5f71a1627ee1@gmail.com>"
[2026-07-09T06:49:22.114Z] SUCCESS: Name="BALASIVA_K_P", Email="saranz1593@gmail.com", MessageId="<a73352ce-35d8-a6d7-2cdb-8e7397eefa20@gmail.com>"
[2026-07-09T06:49:51.384Z] SUCCESS: Name="S_Bharath", Email="saranz1593@gmail.com", MessageId="<afa81e69-2387-01e5-b88a-5bdb12233574@gmail.com>"
[2026-07-09T06:50:21.002Z] SUCCESS: Name="Saganah_V_S", Email="saranz1593@gmail.com", MessageId="<83eeba00-14b4-6b39-7d26-9e573715e9bd@gmail.com>"
[2026-07-09T06:50:51.647Z] SUCCESS: Name="Aldhaf_F", Email="saranz1593@gmail.com", MessageId="<c4865649-0129-554d-289f-2b537124bbfd@gmail.com>"
[2026-07-09T06:51:21.455Z] SUCCESS: Name="Asmitha_C_A", Email="saranz1593@gmail.com", MessageId="<08f93546-525c-97ca-f496-70764e856459@gmail.com>"
[2026-07-09T06:51:52.509Z] SUCCESS: Name="M_Bency_Josema", Email="saranz1593@gmail.com", MessageId="<17727435-2960-1671-bf61-2721db9caa4c@gmail.com>"
[2026-07-09T06:56:02.932Z] SUCCESS: Name="BALASIVA_K_P", Email="saranz1593@gmail.com", MessageId="<b74da40d-2a1b-e28d-72d4-5d3fe93c49f0@gmail.com>"
[2026-07-09T06:56:32.792Z] SUCCESS: Name="S_Bharath", Email="saranz1593@gmail.com", MessageId="<6161385a-4a38-15d4-1601-f8394d952857@gmail.com>"
[2026-07-09T06:57:03.014Z] SUCCESS: Name="Saganah_V_S", Email="jameeladheezaan18@gmail.com", MessageId="<ddf205d5-c8b6-846a-57f4-40e7dcfa8dc6@gmail.com>"
[2026-07-09T06:57:32.602Z] SUCCESS: Name="Aldhaf_F", Email="saranz1593@gmail.com", MessageId="<26c79e34-2891-6dbc-471a-1724f8bde2a6@gmail.com>"
[2026-07-09T06:58:02.742Z] SUCCESS: Name="Asmitha_C_A", Email="saranz1593@gmail.com", MessageId="<5dfccb7c-60aa-099d-1ae2-def885ad317d@gmail.com>"
[2026-07-09T06:58:19.290Z] SUCCESS: Name="BALASIVA_K_P", Email="saranz1593@gmail.com", MessageId="<fae114d7-3de1-d720-0ac2-b18037a0e092@gmail.com>"
[2026-07-09T06:58:32.019Z] SUCCESS: Name="M_Bency_Josema", Email="saranz1593@gmail.com", MessageId="<12e6ce0f-3340-94dd-c1a1-ef11931f8941@gmail.com>"
[2026-07-09T06:58:48.847Z] SUCCESS: Name="S_Bharath", Email="saranz1593@gmail.com", MessageId="<8afce742-441b-e239-f32f-ca7332f2a91b@gmail.com>"
[2026-07-09T06:59:18.558Z] SUCCESS: Name="Saganah_V_S", Email="jameeladheezaan18@gmail.com", MessageId="<eade7d24-404e-ad62-3a7e-d9e89f8e7ca3@gmail.com>"
[2026-07-09T06:59:48.292Z] SUCCESS: Name="Aldhaf_F", Email="saranz1593@gmail.com", MessageId="<ec004ba5-c9af-962b-f084-e50882e967e6@gmail.com>"
[2026-07-09T07:00:18.682Z] SUCCESS: Name="Asmitha_C_A", Email="saranz1593@gmail.com", MessageId="<87ea0bc6-012c-915b-04e2-6dea39ad31e3@gmail.com>"
[2026-07-09T07:00:48.956Z] SUCCESS: Name="M_Bency_Josema", Email="saranz1593@gmail.com", MessageId="<2e763742-eb03-3c83-e5ae-5c09c95d3ba6@gmail.com>"
[2026-07-09T07:11:28.113Z] SUCCESS: Name="A_Roblin_deep_sahaya", Email="roblindeepsahaya@gmail.com", MessageId="<91445edf-b022-124e-a417-d8b24ae7032f@gmail.com>"
[2026-07-09T07:12:00.256Z] SUCCESS: Name="A_Angel_malar", Email="malarangel2007@gmail.com", MessageId="<259e9db0-5ef2-00dd-49e7-2c22a265cb7f@gmail.com>"
[2026-07-09T07:12:30.053Z] SUCCESS: Name="A_Dikisha", Email="dikisha27@gmail.com", MessageId="<271bf669-7027-3b33-d097-5482e808d166@gmail.com>"
[2026-07-09T07:13:00.121Z] SUCCESS: Name="A_Monisha", Email="monishaa202005@gmail.com", MessageId="<61c67b41-7bf9-4037-982e-592a4463e420@gmail.com>"
[2026-07-09T07:13:30.276Z] SUCCESS: Name="AP_Annie_Nimisha", Email="annienimisha2006@gmail.com", MessageId="<2042e60f-bb0a-a2eb-5313-a293f52343f1@gmail.com>"
[2026-07-09T07:14:00.371Z] SUCCESS: Name="A_vijayalekshmi", Email="vijayalekshmiv755@gmail.com", MessageId="<a9a67f4a-edb0-9d64-ab5f-2960e961bef3@gmail.com>"
[2026-07-09T07:14:30.415Z] SUCCESS: Name="Aathira_V_A", Email="aathiravijay357@gmail.com", MessageId="<672d57cf-a821-e5b2-1864-a462f988d037@gmail.com>"
[2026-07-09T07:15:00.319Z] SUCCESS: Name="Abilash_P_J", Email="abilashpj2004@gmail.com", MessageId="<52da4aed-003c-17fe-b37e-723b054fd9db@gmail.com>"
[2026-07-09T07:15:30.213Z] SUCCESS: Name="Abinesh_RS", Email="abineshabinesh39074@gmail.com", MessageId="<f1ad69e4-7376-835d-aaae-bd8ed6bc2bfc@gmail.com>"
[2026-07-09T07:16:00.609Z] SUCCESS: Name="Abisha_M", Email="abisham828@gmail.com", MessageId="<33dc0d2a-3fab-64d0-5e6a-71da91c2b6e7@gmail.com>"
[2026-07-09T07:16:31.062Z] SUCCESS: Name="Abishek_D", Email="abishekdevakumar8@gmail.com", MessageId="<b3abd71c-739e-4754-f8dc-184bc5388e21@gmail.com>"
[2026-07-09T07:17:00.637Z] SUCCESS: Name="Aksaya_V", Email="aaksaya241@gmail.com", MessageId="<6e52e88b-5040-cd1f-5323-c10f3efb8ae4@gmail.com>"
[2026-07-09T07:17:30.833Z] SUCCESS: Name="AKSHAYA_G_P", Email="4136achu@gmail.com", MessageId="<a954d63b-ad61-cbf3-6765-2271d45c990d@gmail.com>"
[2026-07-09T07:18:00.731Z] SUCCESS: Name="Aldhaf_F", Email="aldhaf2007@gmail.com", MessageId="<253c8ad9-ada8-41c8-c0bb-f6fcc3b0ccce@gmail.com>"
[2026-07-09T07:18:30.906Z] SUCCESS: Name="Aljafiya_A", Email="aljafiya2212@gmail.com", MessageId="<b288bfa2-23ce-3d8a-07b5-c768cdb28865@gmail.com>"
[2026-07-09T07:19:00.428Z] SUCCESS: Name="Angel_teenu_vs", Email="vijuv3226@gmail.com", MessageId="<7d9342ba-2efe-8952-c71e-c00a45cccf90@gmail.com>"
[2026-07-09T07:19:30.564Z] SUCCESS: Name="Annsho_serjini_C", Email="annshoserjini@gmail.com", MessageId="<127267cf-42f4-0b1e-79c3-c9d1a31b4bac@gmail.com>"
